---
source: crates/onus-cli/tests/scenarios.rs
expression: md
---
<!-- onus-report -->
### Onus · 2 meaning-level changes · 2 need attention · 5 lines in 2 files

|   | Change | Kind | Why it matters |
|---|---|---|---|
| ● | `LOYALTY_RATE` changes from `0.1` to `0.15` | Constant changed | Code that reads this value now behaves differently in a payments component; needs a person |
| ● | Tests in `billing` were weakened | Tests weakened | 1 assertion removed from "applyDiscount › gives loyalty members 10% off large orders"; "applyDiscount › does not discount customers outside the loyalty program" is now skipped; source in `billing` changed in the same pull request; needs a person |

**Intent check:** not stated (add an `onus-intent` block to the pull request) · **Boundary rules:** no new violations

<details><summary>Evidence per row (files and lines)</summary>

1. **`LOYALTY_RATE` changes from `0.1` to `0.15`**
   - kind `security-sensitive` / `constant-changed` · confidence `static` · labels payments
   - `services/billing/src/discount.ts` line 2
2. **Tests in `billing` were weakened**
   - kind `test` / `test-weakened` · confidence `static` · labels payments · rules of the game
   - `services/billing/src/discount.test.ts` line 8 (before the change)
   - `services/billing/src/discount.test.ts` line 22

</details>

<details><summary>Map confidence notes</summary>

Every import, call and event in the changed files was resolved statically.

</details>
